// Jest Snapshot v1, https://goo.gl/fbAQLP

exports[`Puzzles renders without crashing 1`] = `
<Main>
  <styled.ul>
    <styled.li>
      testTitle
    </styled.li>
  </styled.ul>
</Main>
`;
