// Jest Snapshot v1, https://goo.gl/fbAQLP

exports[`Puzzles renders correctly 1`] = `
.hfOXWO {
  background-color: #ddd;
}

<main
  className="sc-bZQynM hfOXWO"
>
  Puzzles 
</main>
`;

exports[`Puzzles renders without crashing 1`] = `
<styled.main>
  Puzzles 
</styled.main>
`;
