// Jest Snapshot v1, https://goo.gl/fbAQLP

exports[`Main renders 1`] = `
<styled.main>
  <styled.section />
</styled.main>
`;
